// Jest Snapshot v1, https://goo.gl/fbAQLP

exports[`Root matches snapshot 1`] = `
<Provider
  store={
    Object {
      "@@observable": [Function],
      "dispatch": [Function],
      "getState": [Function],
      "replaceReducer": [Function],
      "subscribe": [Function],
    }
  }
>
  <HelmetProvider
    context={Object {}}
  >
    <HistoryRouter
      history={
        Object {
          "action": "POP",
          "back": [Function],
          "block": [Function],
          "createHref": [Function],
          "forward": [Function],
          "go": [Function],
          "goBack": [Function],
          "goForward": [Function],
          "length": undefined,
          "listen": [Function],
          "listenObject": false,
          "location": Object {
            "hash": "",
            "key": "default",
            "pathname": "/",
            "search": "",
            "state": null,
          },
          "push": [Function],
          "replace": [Function],
        }
      }
    >
      <Connect(App) />
    </HistoryRouter>
  </HelmetProvider>
</Provider>
`;
